starting...
Starting 32, 8, 512, 64
torch time 0.050979555687970586
running 256, 2, False, False 64, 1
cute,32,8,512,64,256,2,False,False,64,1,True,0.06789385394109942,257.98231337987244,None,0.050979555687970586,0.7508714372319673

running 256, 2, False, True 64, 1
cute,32,8,512,64,256,2,False,True,64,1,True,0.06968724509736277,251.34317592162716,None,0.050979555687970586,0.7315478695813712

running 128, 2, False, False 64, 1
cute,32,8,512,64,128,2,False,False,64,1,True,0.0608582643194581,287.80665534688654,None,0.050979555687970586,0.8376767930870974

running 128, 2, True, False 64, 1
cute,32,8,512,64,128,2,True,False,64,1,True,0.06667306593486241,262.7059856691161,None,0.050979555687970586,0.7646199401985816

running 128, 2, False, True 64, 1
cute,32,8,512,64,128,2,False,True,64,1,True,0.059322867823659246,295.25567705299767,None,0.050979555687970586,0.8593575725217861

running 128, 2, True, True 64, 1
cute,32,8,512,64,128,2,True,True,64,1,True,0.06818224773520515,256.8911129481012,None,0.050979555687970586,0.7476954395219778

running 128, 4, False, False 64, 1
cute,32,8,512,64,128,4,False,False,64,1,True,0.06162803811686379,284.2117652810225,None,0.050979555687970586,0.8272136716619026

running 128, 4, False, True 64, 1
cute,32,8,512,64,128,4,False,True,64,1,True,0.060088307704203404,291.4945381757645,None,0.050979555687970586,0.8484105749645596

running 128, 4, True, False 64, 1
cute,32,8,512,64,128,4,True,False,64,1,True,0.06338445286986963,276.33611573424355,None,0.050979555687970586,0.8042911688870028

running 128, 4, True, True 64, 1
cute,32,8,512,64,128,4,True,True,64,1,True,0.05996461552925981,292.09581933287524,None,0.050979555687970586,0.8501606362021124

running 128, 4, True, True 32, 2
cute,32,8,512,64,128,4,True,True,32,2,False,0.05996769538947514,292.08081768428457,None,0.050979555687970586,0.8501169730947831

running 128, 4, True, True 32, 2
cute,32,8,512,64,128,4,True,True,32,2,True,0.05958676918481405,293.9480314778315,None,0.050979555687970586,0.8555515995480915

Starting 16, 8, 1024, 64
torch time 0.08167659290756846
running 256, 2, False, False 64, 1
cute,16,8,1024,64,256,2,False,False,64,1,True,0.10948458167477551,319.9612810510547,None,0.08167659290756846,0.7460100012090212

running 256, 2, False, True 64, 1
cute,16,8,1024,64,256,2,False,True,64,1,True,0.11011992077721228,318.1152579910784,None,0.08167659290756846,0.741705881470905

running 128, 2, False, False 64, 1
cute,16,8,1024,64,128,2,False,False,64,1,True,0.09747072011232376,359.3984631244236,None,0.08167659290756846,0.8379602901614517

running 128, 2, True, False 64, 1
cute,16,8,1024,64,128,2,True,False,64,1,True,0.10595968000590801,330.60525481057306,None,0.08167659290756846,0.7708271004877931

running 128, 2, False, True 64, 1
cute,16,8,1024,64,128,2,False,True,64,1,True,0.09302875252053289,376.5591396086727,None,0.08167659290756846,0.8779714947756735

running 128, 2, True, True 64, 1
cute,16,8,1024,64,128,2,True,True,64,1,True,0.10883296958424828,321.8769747974434,None,0.08167659290756846,0.7504765625672108

running 128, 4, False, False 64, 1
cute,16,8,1024,64,128,4,False,False,64,1,True,0.09814902000567492,356.9146895809509,None,0.08167659290756846,0.832169214759821

running 128, 4, False, True 64, 1
cute,16,8,1024,64,128,4,False,True,64,1,True,0.094126890939061,372.16598422101737,None,0.08167659290756846,0.8677285746158021

running 128, 4, True, False 64, 1
cute,16,8,1024,64,None,None,None,None,None,None,None,None,None,"CUDA error: unspecified launch failure
CUDA kernel errors might be asynchronously reported at some other API call, so the stacktrace below might be incorrect.
For debugging consider passing CUDA_LAUNCH_BLOCKING=1
Compile with `TORCH_USE_CUDA_DSA` to enable device-side assertions.
",None,None

running 128, 4, True, True 64, 1
cute,16,8,1024,64,None,None,None,None,None,None,None,None,None,"CUDA error: unspecified launch failure
CUDA kernel errors might be asynchronously reported at some other API call, so the stacktrace below might be incorrect.
For debugging consider passing CUDA_LAUNCH_BLOCKING=1
Compile with `TORCH_USE_CUDA_DSA` to enable device-side assertions.
",None,None

running 128, 4, True, True 32, 2
cute,16,8,1024,64,None,None,None,None,None,None,None,None,None,"CUDA error: unspecified launch failure
CUDA kernel errors might be asynchronously reported at some other API call, so the stacktrace below might be incorrect.
For debugging consider passing CUDA_LAUNCH_BLOCKING=1
Compile with `TORCH_USE_CUDA_DSA` to enable device-side assertions.
",None,None

running 128, 4, True, True 32, 2
cute,16,8,1024,64,None,None,None,None,None,None,None,None,None,"CUDA error: unspecified launch failure
CUDA kernel errors might be asynchronously reported at some other API call, so the stacktrace below might be incorrect.
For debugging consider passing CUDA_LAUNCH_BLOCKING=1
Compile with `TORCH_USE_CUDA_DSA` to enable device-side assertions.
",None,None

Starting 8, 8, 2048, 64
torch time 0.14204170375510497
running 256, 2, False, False 64, 1
cute,8,8,2048,64,256,2,False,False,64,1,True,0.1913813332716624,366.0840522860645,None,0.14204170375510497,0.7421920483408865

running 256, 2, False, True 64, 1
cute,8,8,2048,64,256,2,False,True,64,1,True,0.1951525164868242,359.0097390352137,None,0.14204170375510497,0.727849716274066

running 128, 2, False, False 64, 1
cute,8,8,2048,64,128,2,False,False,64,1,True,0.17327552633259885,404.3366971600945,None,0.14204170375510497,0.8197447542733692

running 128, 2, True, False 64, 1
cute,8,8,2048,64,128,2,True,False,64,1,True,0.18649142938000815,375.6829697156614,None,0.14204170375510497,0.7616527163061779

running 128, 2, False, True 64, 1
cute,8,8,2048,64,128,2,False,True,64,1,True,0.1632034035122141,429.29039779955696,None,0.14204170375510497,0.8703354262123253

running 128, 2, True, True 64, 1
cute,8,8,2048,64,128,2,True,True,64,1,True,0.19186461512204056,365.16193447882733,None,0.14204170375510497,0.7403225637241947

running 128, 4, False, False 64, 1
cute,8,8,2048,64,128,4,False,False,64,1,True,0.17292524713982818,405.1557258110946,None,0.14204170375510497,0.8214052378381126

running 128, 4, False, True 64, 1
cute,8,8,2048,64,128,4,False,True,64,1,True,0.16439625462318988,426.1754878575989,None,0.14204170375510497,0.8640203153087433

running 128, 4, True, False 64, 1
cute,8,8,2048,64,None,None,None,None,None,None,None,None,None,"CUDA error: unspecified launch failure
CUDA kernel errors might be asynchronously reported at some other API call, so the stacktrace below might be incorrect.
For debugging consider passing CUDA_LAUNCH_BLOCKING=1
Compile with `TORCH_USE_CUDA_DSA` to enable device-side assertions.
",None,None

running 128, 4, True, True 64, 1
cute,8,8,2048,64,128,4,True,True,64,1,True,0.15340260988787602,456.71748392813515,None,0.14204170375510497,0.925940594224082

running 128, 4, True, True 32, 2
cute,8,8,2048,64,128,4,True,True,32,2,True,0.15371472356801338,455.79013115812666,None,0.14204170375510497,0.9240604963405246

running 128, 4, True, True 32, 2
cute,8,8,2048,64,None,None,None,None,None,None,None,None,None,"CUDA error: unspecified launch failure
CUDA kernel errors might be asynchronously reported at some other API call, so the stacktrace below might be incorrect.
For debugging consider passing CUDA_LAUNCH_BLOCKING=1
Compile with `TORCH_USE_CUDA_DSA` to enable device-side assertions.
",None,None

Starting 4, 8, 4096, 64
torch time 0.260416334202896
running 256, 2, False, False 64, 1
cute,4,8,4096,64,256,2,False,False,64,1,True,0.34919297513438435,401.2775685939116,None,0.260416334202896,0.7457662460210623

running 256, 2, False, True 64, 1
cute,4,8,4096,64,256,2,False,True,64,1,True,0.36642449468742183,382.4070444622762,None,0.260416334202896,0.7106957585492312

running 128, 2, False, False 64, 1
cute,4,8,4096,64,128,2,False,False,64,1,True,0.32388565925563256,432.6320231468018,None,0.260416334202896,0.8040378657128433

running 128, 2, True, False 64, 1
cute,4,8,4096,64,128,2,True,False,64,1,True,0.34898172778847775,401.5204719168865,None,0.260416334202896,0.7462176769344716

running 128, 2, False, True 64, 1
cute,4,8,4096,64,128,2,False,True,64,1,True,0.3040053333554949,460.9238478988917,None,0.260416334202896,0.8566176498567306

running 128, 2, True, True 64, 1
cute,4,8,4096,64,128,2,True,True,64,1,True,0.33551486406797243,417.63666245085415,None,0.260416334202896,0.7761692911171229

running 128, 4, False, False 64, 1
cute,4,8,4096,64,128,4,False,False,64,1,True,0.32429224001355916,432.08961159891226,None,0.260416334202896,0.803029804820515

running 128, 4, False, True 64, 1
cute,4,8,4096,64,128,4,False,True,64,1,True,0.30376597556723167,461.28704102012534,None,0.260416334202896,0.857292636927531

running 128, 4, True, False 64, 1
cute,4,8,4096,64,128,4,True,False,64,1,True,0.3496583990752697,400.743435314523,None,0.260416334202896,0.7447735701233281

running 128, 4, True, True 64, 1
cute,4,8,4096,64,128,4,True,True,64,1,True,0.27996235384660606,500.50767936025727,None,0.260416334202896,0.9301834001066461

running 128, 4, True, True 32, 2
cute,4,8,4096,64,128,4,True,True,32,2,True,0.2798656748477803,500.6805786676535,None,0.260416334202896,0.9305047299728241

running 128, 4, True, True 32, 2
cute,4,8,4096,64,128,4,True,True,32,2,True,0.279113787763259,502.0293305999305,None,0.260416334202896,0.9330113581625643

Starting 2, 8, 8192, 64
torch time 0.5084100130357241
running 256, 2, False, False 64, 1
cute,2,8,8192,64,256,2,False,False,64,1,True,0.6565705849574163,426.83394974536697,None,0.5084100130357241,0.7743417458592033

running 256, 2, False, True 64, 1
cute,2,8,8192,64,256,2,False,True,64,1,True,0.7104319996303983,394.47352626260937,None,0.5084100130357241,0.7156350126405118

running 128, 2, False, False 64, 1
cute,2,8,8192,64,128,2,False,False,64,1,True,0.6281186470618615,446.16827947220514,None,0.5084100130357241,0.8094171625279775

running 128, 2, True, False 64, 1
cute,2,8,8192,64,128,2,True,False,64,1,True,0.6743305008858442,415.5923774704687,None,0.5084100130357241,0.7539478228670419

running 128, 2, False, True 64, 1
cute,2,8,8192,64,128,2,False,True,64,1,True,0.5850502644012223,479.01288678302234,None,0.5084100130357241,0.8690022789000246

running 128, 2, True, True 64, 1
cute,2,8,8192,64,128,2,True,True,64,1,True,0.6202729723670266,451.8117482929323,None,0.5084100130357241,0.819655273863664

running 128, 4, False, False 64, 1
cute,2,8,8192,64,128,4,False,False,64,1,True,0.6259025057156881,447.748033447401,None,0.5084100130357241,0.812283076666042

running 128, 4, False, True 64, 1
cute,2,8,8192,64,128,4,False,True,64,1,True,0.5856859683990479,478.4929658295286,None,0.5084100130357241,0.8680590631622013

running 128, 4, True, False 64, 1
cute,2,8,8192,64,128,4,True,False,64,1,True,0.6820632380152506,410.880693232339,None,0.5084100130357241,0.7454001105750202

running 128, 4, True, True 64, 1
cute,2,8,8192,64,128,4,True,True,64,1,True,0.5319259422166007,526.8526947495321,None,0.5084100130357241,0.9557909714219185

running 128, 4, True, True 32, 2
cute,2,8,8192,64,128,4,True,True,32,2,True,0.5345101731164115,524.3054859555775,None,0.5084100130357241,0.9511699470030424

running 128, 4, True, True 32, 2
cute,2,8,8192,64,128,4,True,True,32,2,True,0.5329444553170886,525.8458236464066,None,0.5084100130357241,0.9539643540023939

Starting 1, 8, 16384, 64
torch time 1.004504848033824
running 256, 2, False, False 64, 1
cute,1,8,16384,64,256,2,False,False,64,1,True,1.2720189362156147,440.6327737506206,None,1.004504848033824,0.7896933130746683

running 256, 2, False, True 64, 1
cute,1,8,16384,64,256,2,False,True,64,1,True,1.4067279967394741,398.4375326481849,None,1.004504848033824,0.7140718393051632

running 128, 2, False, False 64, 1
cute,1,8,16384,64,128,2,False,False,64,1,True,1.2360524243496833,453.45425573101306,None,1.004504848033824,0.8126717186468186

running 128, 2, True, False 64, 1
cute,1,8,16384,64,128,2,True,False,64,1,True,1.3814712762832642,405.7219587192297,None,1.004504848033824,0.7271268431554815

running 128, 2, False, True 64, 1
cute,1,8,16384,64,128,2,False,True,64,1,True,1.1456426704923313,489.23913761621003,None,1.004504848033824,0.876804673836167

running 128, 2, True, True 64, 1
cute,1,8,16384,64,128,2,True,True,64,1,True,1.1932908956040726,469.70376979559944,None,1.004504848033824,0.8417937752934244

running 128, 4, False, False 64, 1
cute,1,8,16384,64,128,4,False,False,64,1,True,1.2291969314534614,455.9832666237182,None,1.004504848033824,0.8172041617823185

running 128, 4, False, True 64, 1
cute,1,8,16384,64,128,4,False,True,64,1,True,1.1451030191110105,489.4697007812742,None,1.004504848033824,0.8772178845652344

running 128, 4, True, False 64, 1
cute,1,8,16384,64,128,4,True,False,64,1,True,1.3706189014694907,408.9344102340006,None,1.004504848033824,0.732884135011459

running 128, 4, True, True 64, 1
cute,1,8,16384,64,128,4,True,True,64,1,True,1.0388385875552308,539.5383256286683,None,1.004504848033824,0.9669498804408038

running 128, 4, True, True 32, 2
cute,1,8,16384,64,128,4,True,True,32,2,True,1.0431900999762795,537.2877217112631,None,1.004504848033824,0.9629163927616498

running 128, 4, True, True 32, 2
cute,1,8,16384,64,128,4,True,True,32,2,True,1.0349000855988146,541.591637615613,None,1.004504848033824,0.9706297854373029

Starting 32, 16, 512, 64
torch time 0.09150964175275178
running 256, 2, False, False 64, 1
cute,32,16,512,64,256,2,False,False,64,1,True,0.1227412274715924,285.4039162685386,None,0.09150964175275178,0.7455493450554831

running 256, 2, False, True 64, 1
cute,32,16,512,64,256,2,False,True,64,1,True,0.12488288022577762,280.50944168381807,None,0.09150964175275178,0.7327637029776229

running 128, 2, False, False 64, 1
cute,32,16,512,64,128,2,False,False,64,1,True,0.10938949964474887,320.23939337656185,None,0.09150964175275178,0.836548682002721

running 128, 2, True, False 64, 1
cute,32,16,512,64,128,2,True,False,64,1,True,0.12118031816408698,289.0801702679614,None,0.09150964175275178,0.7551526777544936

running 128, 2, False, True 64, 1
cute,32,16,512,64,128,2,False,True,64,1,True,0.10648607984185218,328.9709515086482,None,0.09150964175275178,0.8593577854369072

running 128, 2, True, True 64, 1
cute,32,16,512,64,128,2,True,True,64,1,True,0.12295305036535167,284.9122238440351,None,0.09150964175275178,0.7442649164118609

running 128, 4, False, False 64, 1
cute,32,16,512,64,128,4,False,False,64,1,True,0.10951039999723435,319.8858465395496,None,0.09150964175275178,0.8356251256050825

running 128, 4, False, True 64, 1
cute,32,16,512,64,128,4,False,True,64,1,True,0.10646526699904169,329.03526187855533,None,0.09150964175275178,0.8595257808687549

running 128, 4, True, False 64, 1
cute,32,16,512,64,128,4,True,False,64,1,True,0.11268182165256821,310.88268270999845,None,0.09150964175275178,0.8121065173662474

running 128, 4, True, True 64, 1
cute,32,16,512,64,128,4,True,True,64,1,True,0.10455382165342274,335.05066054994086,None,0.09150964175275178,0.8752395685361929

running 128, 4, True, True 32, 2
cute,32,16,512,64,128,4,True,True,32,2,True,0.10445875892865247,335.35557350367134,None,0.09150964175275178,0.8760360805670186

running 128, 4, True, True 32, 2
cute,32,16,512,64,128,4,True,True,32,2,True,0.10452128000557423,335.1549751986559,None,0.09150964175275178,0.8755120655609219

Starting 16, 16, 1024, 64
torch time 0.15450921723088204
running 256, 2, False, False 64, 1
cute,16,16,1024,64,256,2,False,False,64,1,True,0.20481913083273431,342.0659668418176,None,0.15450921723088204,0.7543690699335215

running 256, 2, False, True 64, 1
cute,16,16,1024,64,256,2,False,True,64,1,True,0.2079380862414837,336.9351679741616,None,0.15450921723088204,0.7430539542979473

running 128, 2, False, False 64, 1
cute,16,16,1024,64,128,2,False,False,64,1,True,0.18396902116055183,380.8339772317232,None,0.15450921723088204,0.8398654091660362

running 128, 2, True, False 64, 1
cute,16,16,1024,64,128,2,True,False,64,1,True,0.199826989200089,350.61156801920527,None,0.15450921723088204,0.7732149588470766

running 128, 2, False, True 64, 1
cute,16,16,1024,64,128,2,False,True,64,1,True,0.17562791483199341,398.92094649658253,None,0.15450921723088204,0.8797531837617406

running 128, 2, True, True 64, 1
cute,16,16,1024,64,128,2,True,True,64,1,True,0.20451165233617244,342.5802550401087,None,0.15450921723088204,0.7555032462253186

running 128, 4, False, False 64, 1
cute,16,16,1024,64,128,4,False,False,64,1,True,0.18385055344155493,381.07937509294584,None,0.15450921723088204,0.8404065929559449

running 128, 4, False, True 64, 1
cute,16,16,1024,64,128,4,False,True,64,1,True,0.17601974498718342,398.0329253465367,None,0.15450921723088204,0.8777948021804733

running 128, 4, True, False 64, 1
cute,16,16,1024,64,None,None,None,None,None,None,None,None,None,"CUDA error: unspecified launch failure
CUDA kernel errors might be asynchronously reported at some other API call, so the stacktrace below might be incorrect.
For debugging consider passing CUDA_LAUNCH_BLOCKING=1
Compile with `TORCH_USE_CUDA_DSA` to enable device-side assertions.
",None,None

running 128, 4, True, True 64, 1
cute,16,16,1024,64,None,None,None,None,None,None,None,None,None,"CUDA error: unspecified launch failure
CUDA kernel errors might be asynchronously reported at some other API call, so the stacktrace below might be incorrect.
For debugging consider passing CUDA_LAUNCH_BLOCKING=1
Compile with `TORCH_USE_CUDA_DSA` to enable device-side assertions.
",None,None

running 128, 4, True, True 32, 2
cute,16,16,1024,64,None,None,None,None,None,None,None,None,None,"CUDA error: unspecified launch failure
CUDA kernel errors might be asynchronously reported at some other API call, so the stacktrace below might be incorrect.
For debugging consider passing CUDA_LAUNCH_BLOCKING=1
Compile with `TORCH_USE_CUDA_DSA` to enable device-side assertions.
",None,None

running 128, 4, True, True 32, 2
cute,16,16,1024,64,None,None,None,None,None,None,None,None,None,"CUDA error: unspecified launch failure
CUDA kernel errors might be asynchronously reported at some other API call, so the stacktrace below might be incorrect.
For debugging consider passing CUDA_LAUNCH_BLOCKING=1
Compile with `TORCH_USE_CUDA_DSA` to enable device-side assertions.
",None,None

Starting 8, 16, 2048, 64
torch time 0.2728131700724041
running 256, 2, False, False 64, 1
cute,8,16,2048,64,256,2,False,False,64,1,True,0.3664207998663187,382.41090048141695,None,0.2728131700724041,0.7445351633202442

running 256, 2, False, True 64, 1
cute,8,16,2048,64,256,2,False,True,64,1,True,0.37859402464914926,370.1149487550817,None,0.2728131700724041,0.7205955517264847

running 128, 2, False, False 64, 1
cute,8,16,2048,64,128,2,False,False,64,1,True,0.3339602961952304,419.58073947235056,None,0.2728131700724041,0.816903006676338

running 128, 2, True, False 64, 1
cute,8,16,2048,64,128,2,True,False,64,1,True,0.36005728627428596,389.16948322844456,None,0.2728131700724041,0.7576937906058074

running 128, 2, False, True 64, 1
cute,8,16,2048,64,128,2,False,True,64,1,True,0.3145841948869752,445.4238652464532,None,0.2728131700724041,0.8672182980153255

running 128, 2, True, True 64, 1
cute,8,16,2048,64,128,2,True,True,64,1,True,0.35174400044470716,398.36730080639103,None,0.2728131700724041,0.7756014878078618

running 128, 4, False, False 64, 1
cute,8,16,2048,64,128,4,False,False,64,1,True,0.333759210359903,419.83353172756085,None,0.2728131700724041,0.8173951807299072

running 128, 4, False, True 64, 1
cute,8,16,2048,64,128,4,False,True,64,1,True,0.31591414569354637,443.5486980944725,None,0.2728131700724041,0.8635674400507771

running 128, 4, True, False 64, 1
cute,8,16,2048,64,128,4,True,False,64,1,True,0.357592399045825,391.85203154735785,None,0.2728131700724041,0.762916579883577

running 128, 4, True, True 64, 1
cute,8,16,2048,64,128,4,True,True,64,1,True,0.2938848930655174,476.79656674547584,None,0.2728131700724041,0.9282994005805678

running 128, 4, True, True 32, 2
cute,8,16,2048,64,128,4,True,True,32,2,True,0.295088193861835,474.852301605831,None,0.2728131700724041,0.9245140122418437

running 128, 4, True, True 32, 2
cute,8,16,2048,64,128,4,True,True,32,2,True,0.29379314219667796,476.94546912941667,None,0.2728131700724041,0.9285893061784642

Starting 4, 16, 4096, 64
torch time 0.5192878076008388
running 256, 2, False, False 64, 1
cute,4,16,4096,64,256,2,False,False,64,1,True,0.6834489982575178,410.0475921078246,None,0.5192878076008388,0.7598047680584581

running 256, 2, False, True 64, 1
cute,4,16,4096,64,256,2,False,True,64,1,True,0.7216087800841178,388.3636449536156,None,0.5192878076008388,0.7196251236581483

running 128, 2, False, False 64, 1
cute,4,16,4096,64,128,2,False,False,64,1,True,0.6361275141055768,440.55100565495746,None,0.5192878076008388,0.8163265950396443

running 128, 2, True, False 64, 1
cute,4,16,4096,64,128,2,True,False,64,1,True,0.6805218044788607,411.81136918693016,None,0.5192878076008388,0.7630729892608014

running 128, 2, False, True 64, 1
cute,4,16,4096,64,128,2,False,True,64,1,True,0.5951364391470608,470.8947354419174,None,0.5192878076008388,0.8725525332393914

running 128, 2, True, True 64, 1
cute,4,16,4096,64,128,2,True,True,64,1,True,0.6258939009446364,447.7541890742746,None,0.5192878076008388,0.8296738581684511

running 128, 4, False, False 64, 1
cute,4,16,4096,64,128,4,False,False,64,1,True,0.635353603729835,441.08763123214527,None,0.5192878076008388,0.817320944671387

running 128, 4, False, True 64, 1
cute,4,16,4096,64,128,4,False,True,64,1,True,0.5948155246563812,471.1487922678138,None,0.5192878076008388,0.873023292222956

running 128, 4, True, False 64, 1
cute,4,16,4096,64,128,4,True,False,64,1,True,0.6887304177359929,406.9032074773636,None,0.5192878076008388,0.7539783262482455

running 128, 4, True, True 64, 1
cute,4,16,4096,64,128,4,True,True,64,1,True,0.545407998389092,513.8293110693861,None,0.5192878076008388,0.9521088967059497

running 128, 4, True, True 32, 2
cute,4,16,4096,64,128,4,True,True,32,2,True,0.5444512470908787,514.7322511637517,None,0.5192878076008388,0.9537820151492102

running 128, 4, True, True 32, 2
cute,4,16,4096,64,128,4,True,True,32,2,True,0.5453542073567709,513.8799926424014,None,0.5192878076008388,0.9522028080020305

Starting 2, 16, 8192, 64
torch time 1.0502265807121032
running 256, 2, False, False 64, 1
cute,2,16,8192,64,256,2,False,False,64,1,True,1.296788179356119,432.2164876659317,None,1.0502265807121032,0.8098674844750371

running 256, 2, False, True 64, 1
cute,2,16,8192,64,256,2,False,True,64,1,True,1.4074351565782415,398.23733939592074,None,1.0502265807121032,0.7461989106946963

running 128, 2, False, False 64, 1
cute,2,16,8192,64,128,2,False,False,64,1,True,1.2463373930557915,449.7122811615024,None,1.0502265807121032,0.8426503020479387

running 128, 2, True, False 64, 1
cute,2,16,8192,64,128,2,True,False,64,1,True,1.330309821800752,421.3253356043764,None,1.0502265807121032,0.7894601419167764

running 128, 2, False, True 64, 1
cute,2,16,8192,64,128,2,False,True,64,1,True,1.1593346695105236,483.46111512790594,None,1.0502265807121032,0.9058873234210392

running 128, 2, True, True 64, 1
cute,2,16,8192,64,128,2,True,True,64,1,True,1.1907846117919345,470.69237087683734,None,1.0502265807121032,0.8819618345014429

running 128, 4, False, False 64, 1
cute,2,16,8192,64,128,4,False,False,64,1,True,1.2368932210880776,453.1460133922813,None,1.0502265807121032,0.8490842724388395

running 128, 4, False, True 64, 1
cute,2,16,8192,64,128,4,False,True,64,1,True,1.1559659938017528,484.87000061709784,None,1.0502265807121032,0.908527228606533

running 128, 4, True, False 64, 1
cute,2,16,8192,64,128,4,True,False,64,1,True,1.3525600018708601,414.39435688821646,None,1.0502265807121032,0.7764731910299214

running 128, 4, True, True 64, 1
cute,2,16,8192,64,128,4,True,True,64,1,True,1.0745650155871522,521.6001116709921,None,1.0502265807121032,0.9773504306188953

running 128, 4, True, True 32, 2
cute,2,16,8192,64,128,4,True,True,32,2,True,1.0515432704578747,533.0196558472994,None,1.0502265807121032,0.9987478501524734

running 128, 4, True, True 32, 2
cute,2,16,8192,64,128,4,True,True,32,2,True,1.0494896522883712,534.0626569360321,None,1.0502265807121032,1.000702177884389

Starting 1, 16, 16384, 64
torch time 2.0469146018125572
running 256, 2, False, False 64, 1
cute,1,16,16384,64,256,2,False,False,64,1,True,2.5463403997750116,440.23433173155,None,2.0469146018125572,0.8038652656154761

running 256, 2, False, True 64, 1
cute,1,16,16384,64,256,2,False,True,64,1,True,2.776554655145716,403.73290047739744,None,2.0469146018125572,0.737213869721262

running 128, 2, False, False 64, 1
cute,1,16,16384,64,128,2,False,False,64,1,True,2.4522609934210777,457.12363702859557,None,2.0469146018125572,0.8347050364149725

running 128, 2, True, False 64, 1
cute,1,16,16384,64,128,2,True,False,64,1,True,2.725922381436383,411.23198220534556,None,2.0469146018125572,0.7509071482563516

running 128, 2, False, True 64, 1
cute,1,16,16384,64,128,2,False,True,64,1,True,2.3019480109214783,486.9729719948215,None,2.0469146018125572,0.8892097441389086

running 128, 2, True, True 64, 1
cute,1,16,16384,64,128,2,True,True,64,1,True,2.3381800055503845,479.4269310296881,None,2.0469146018125572,0.875430718316631

running 128, 4, False, False 64, 1
cute,1,16,16384,64,128,4,False,False,64,1,True,2.439470356908338,459.52042871989715,None,2.0469146018125572,0.8390815637566155

running 128, 4, False, True 64, 1
cute,1,16,16384,64,128,4,False,True,64,1,True,2.299158719278151,487.563757498198,None,2.0469146018125572,0.8902885149465501

running 128, 4, True, False 64, 1
cute,1,16,16384,64,128,4,True,False,64,1,True,2.664487992014204,420.71364840664825,None,2.0469146018125572,0.7682206142220983

running 128, 4, True, True 64, 1
cute,1,16,16384,64,128,4,True,True,64,1,True,2.0965042475498086,534.6931519772023,None,2.0469146018125572,0.9763465083387229

running 128, 4, True, True 32, 2
cute,1,16,16384,64,128,4,True,True,32,2,True,2.1120475224086217,530.758163517838,None,2.0469146018125572,0.9691612428674021

running 128, 4, True, True 32, 2
cute,1,16,16384,64,128,4,True,True,32,2,True,2.0660873208727155,542.5649017498909,None,2.0469146018125572,0.9907202765021278

Starting 32, 8, 512, 128
torch time 0.07143788865289173
running 128, 2, False, False 128, 1
cute,32,8,512,128,None,None,None,None,None,None,None,None,None,"None",None,None

running 128, 2, False, True 128, 1
cute,32,8,512,128,None,None,None,None,None,None,None,None,None,"None",None,None

running 128, 2, True, False 128, 1
cute,32,8,512,128,None,None,None,None,None,None,None,None,None,"None",None,None

running 128, 2, True, True 128, 1
cute,32,8,512,128,None,None,None,None,None,None,None,None,None,"None",None,None

running 128, 2, False, True 64, 2
cute,32,8,512,128,None,None,None,None,None,None,None,None,None,"None",None,None

running 128, 2, True, True 64, 2
cute,32,8,512,128,None,None,None,None,None,None,None,None,None,"None",None,None

Starting 16, 8, 1024, 128
torch time 0.12058742851519785
running 128, 2, False, False 128, 1
cute,16,8,1024,128,None,None,None,None,None,None,None,None,None,"None",None,None

running 128, 2, False, True 128, 1
cute,16,8,1024,128,None,None,None,None,None,None,None,None,None,"None",None,None

running 128, 2, True, False 128, 1
cute,16,8,1024,128,None,None,None,None,None,None,None,None,None,"None",None,None

running 128, 2, True, True 128, 1
cute,16,8,1024,128,None,None,None,None,None,None,None,None,None,"None",None,None

running 128, 2, False, True 64, 2
cute,16,8,1024,128,None,None,None,None,None,None,None,None,None,"None",None,None

running 128, 2, True, True 64, 2
cute,16,8,1024,128,None,None,None,None,None,None,None,None,None,"None",None,None

Starting 8, 8, 2048, 128
torch time 0.21782983585875085
running 128, 2, False, False 128, 1
cute,8,8,2048,128,None,None,None,None,None,None,None,None,None,"None",None,None

running 128, 2, False, True 128, 1
cute,8,8,2048,128,None,None,None,None,None,None,None,None,None,"None",None,None

running 128, 2, True, False 128, 1
cute,8,8,2048,128,None,None,None,None,None,None,None,None,None,"None",None,None

running 128, 2, True, True 128, 1
cute,8,8,2048,128,None,None,None,None,None,None,None,None,None,"None",None,None

running 128, 2, False, True 64, 2
cute,8,8,2048,128,None,None,None,None,None,None,None,None,None,"None",None,None

running 128, 2, True, True 64, 2
cute,8,8,2048,128,None,None,None,None,None,None,None,None,None,"None",None,None

Starting 4, 8, 4096, 128
torch time 0.41832796238326087
running 128, 2, False, False 128, 1
cute,4,8,4096,128,None,None,None,None,None,None,None,None,None,"None",None,None

running 128, 2, False, True 128, 1
cute,4,8,4096,128,None,None,None,None,None,None,None,None,None,"None",None,None

running 128, 2, True, False 128, 1
cute,4,8,4096,128,None,None,None,None,None,None,None,None,None,"None",None,None

running 128, 2, True, True 128, 1
cute,4,8,4096,128,None,None,None,None,None,None,None,None,None,"None",None,None

running 128, 2, False, True 64, 2
cute,4,8,4096,128,None,None,None,None,None,None,None,None,None,"None",None,None

running 128, 2, True, True 64, 2
cute,4,8,4096,128,None,None,None,None,None,None,None,None,None,"None",None,None

Starting 2, 8, 8192, 128
torch time 0.8310554393550806
running 128, 2, False, False 128, 1
cute,2,8,8192,128,None,None,None,None,None,None,None,None,None,"None",None,None

running 128, 2, False, True 128, 1
cute,2,8,8192,128,None,None,None,None,None,None,None,None,None,"None",None,None

running 128, 2, True, False 128, 1
cute,2,8,8192,128,None,None,None,None,None,None,None,None,None,"None",None,None

running 128, 2, True, True 128, 1
cute,2,8,8192,128,None,None,None,None,None,None,None,None,None,"None",None,None

running 128, 2, False, True 64, 2
cute,2,8,8192,128,None,None,None,None,None,None,None,None,None,"None",None,None

running 128, 2, True, True 64, 2
cute,2,8,8192,128,None,None,None,None,None,None,None,None,None,"None",None,None

Starting 1, 8, 16384, 128
torch time 1.6426922718683878
running 128, 2, False, False 128, 1
cute,1,8,16384,128,None,None,None,None,None,None,None,None,None,"None",None,None

running 128, 2, False, True 128, 1
cute,1,8,16384,128,None,None,None,None,None,None,None,None,None,"None",None,None

running 128, 2, True, False 128, 1
cute,1,8,16384,128,None,None,None,None,None,None,None,None,None,"None",None,None

running 128, 2, True, True 128, 1
cute,1,8,16384,128,None,None,None,None,None,None,None,None,None,"None",None,None

running 128, 2, False, True 64, 2
cute,1,8,16384,128,None,None,None,None,None,None,None,None,None,"None",None,None

running 128, 2, True, True 64, 2
cute,1,8,16384,128,None,None,None,None,None,None,None,None,None,"None",None,None

Starting 32, 16, 512, 128
torch time 0.13269136728424774
running 128, 2, False, False 128, 1
cute,32,16,512,128,None,None,None,None,None,None,None,None,None,"None",None,None

running 128, 2, False, True 128, 1
cute,32,16,512,128,None,None,None,None,None,None,None,None,None,"None",None,None

running 128, 2, True, False 128, 1
cute,32,16,512,128,None,None,None,None,None,None,None,None,None,"None",None,None

running 128, 2, True, True 128, 1
cute,32,16,512,128,None,None,None,None,None,None,None,None,None,"None",None,None

running 128, 2, False, True 64, 2
cute,32,16,512,128,None,None,None,None,None,None,None,None,None,"None",None,None

running 128, 2, True, True 64, 2
cute,32,16,512,128,None,None,None,None,None,None,None,None,None,"None",None,None

Starting 16, 16, 1024, 128
torch time 0.23154505665572184
running 128, 2, False, False 128, 1
cute,16,16,1024,128,None,None,None,None,None,None,None,None,None,"None",None,None

running 128, 2, False, True 128, 1
cute,16,16,1024,128,None,None,None,None,None,None,None,None,None,"None",None,None

running 128, 2, True, False 128, 1
cute,16,16,1024,128,None,None,None,None,None,None,None,None,None,"None",None,None

running 128, 2, True, True 128, 1
cute,16,16,1024,128,None,None,None,None,None,None,None,None,None,"None",None,None

running 128, 2, False, True 64, 2
cute,16,16,1024,128,None,None,None,None,None,None,None,None,None,"None",None,None

running 128, 2, True, True 64, 2
cute,16,16,1024,128,None,None,None,None,None,None,None,None,None,"None",None,None

Starting 8, 16, 2048, 128
torch time 0.42336964921735637
running 128, 2, False, False 128, 1
cute,8,16,2048,128,None,None,None,None,None,None,None,None,None,"None",None,None

running 128, 2, False, True 128, 1
cute,8,16,2048,128,None,None,None,None,None,None,None,None,None,"None",None,None

running 128, 2, True, False 128, 1
cute,8,16,2048,128,None,None,None,None,None,None,None,None,None,"None",None,None

running 128, 2, True, True 128, 1
cute,8,16,2048,128,None,None,None,None,None,None,None,None,None,"None",None,None

running 128, 2, False, True 64, 2
cute,8,16,2048,128,None,None,None,None,None,None,None,None,None,"None",None,None

running 128, 2, True, True 64, 2
cute,8,16,2048,128,None,None,None,None,None,None,None,None,None,"None",None,None

Starting 4, 16, 4096, 128
torch time 0.8548695239345584
running 128, 2, False, False 128, 1
cute,4,16,4096,128,None,None,None,None,None,None,None,None,None,"None",None,None

running 128, 2, False, True 128, 1
cute,4,16,4096,128,None,None,None,None,None,None,None,None,None,"None",None,None

running 128, 2, True, False 128, 1
cute,4,16,4096,128,None,None,None,None,None,None,None,None,None,"None",None,None

running 128, 2, True, True 128, 1
cute,4,16,4096,128,None,None,None,None,None,None,None,None,None,"None",None,None

running 128, 2, False, True 64, 2
cute,4,16,4096,128,None,None,None,None,None,None,None,None,None,"None",None,None

running 128, 2, True, True 64, 2
cute,4,16,4096,128,None,None,None,None,None,None,None,None,None,"None",None,None

Starting 2, 16, 8192, 128
torch time 1.6572815766100024
running 128, 2, False, False 128, 1
cute,2,16,8192,128,None,None,None,None,None,None,None,None,None,"None",None,None

running 128, 2, False, True 128, 1
cute,2,16,8192,128,None,None,None,None,None,None,None,None,None,"None",None,None

running 128, 2, True, False 128, 1
